
> techmarket-server@1.0.0 dev
> nodemon index.js

[33m[nodemon] 3.1.14[39m
[33m[nodemon] to restart at any time, enter `rs`[39m
[33m[nodemon] watching path(s): *.*[39m
[33m[nodemon] watching extensions: js,mjs,cjs,json[39m
[32m[nodemon] starting `node index.js`[39m
❌ Failed to connect to MongoDB: Error: querySrv ECONNREFUSED _mongodb._tcp.cluster0.ggobuyv.mongodb.net
    at QueryReqWrap.onresolve [as oncomplete] (node:internal/dns/promises:295:17) {
  errno: undefined,
  code: 'ECONNREFUSED',
  syscall: 'querySrv',
  hostname: '_mongodb._tcp.cluster0.ggobuyv.mongodb.net'
}
[31m[nodemon] app crashed - waiting for file changes before starting...[39m
[32m[nodemon] restarting child process[39m
[32m[nodemon] starting `node index.js`[39m
❌ Failed to connect to MongoDB: Error: querySrv ECONNREFUSED _mongodb._tcp.cluster0.ggobuyv.mongodb.net
    at QueryReqWrap.onresolve [as oncomplete] (node:internal/dns/promises:295:17) {
  errno: undefined,
  code: 'ECONNREFUSED',
  syscall: 'querySrv',
  hostname: '_mongodb._tcp.cluster0.ggobuyv.mongodb.net'
}
[31m[nodemon] app crashed - waiting for file changes before starting...[39m
^C^C